[0m14:04:20.403416 [debug] [MainThread]: Sending event: {'category': 'dbt', 'action': 'invocation', 'label': 'start', 'context': [<snowplow_tracker.self_describing_json.SelfDescribingJson object at 0x7868ca5f0b90>, <snowplow_tracker.self_describing_json.SelfDescribingJson object at 0x7868ca5f2960>, <snowplow_tracker.self_describing_json.SelfDescribingJson object at 0x7868ca5f2420>]}


============================== 14:04:20.406946 | 313a9935-0d56-484b-b4bb-26ed2174d755 ==============================
[0m14:04:20.406946 [info ] [MainThread]: Running with dbt=1.8.1
[0m14:04:20.410891 [debug] [MainThread]: running dbt with arguments {'printer_width': '80', 'indirect_selection': 'eager', 'write_json': 'True', 'log_cache_events': 'False', 'partial_parse': 'True', 'cache_selected_only': 'False', 'profiles_dir': '/home/coder/.dbt', 'debug': 'False', 'warn_error': 'None', 'log_path': 'logs', 'fail_fast': 'False', 'version_check': 'True', 'use_colors': 'True', 'use_experimental_parser': 'False', 'no_print': 'None', 'quiet': 'False', 'log_format': 'default', 'invocation_command': 'dbt init dbt_modeling', 'static_parser': 'True', 'introspect': 'True', 'target_path': 'None', 'warn_error_options': 'WarnErrorOptions(include=[], exclude=[])', 'send_anonymous_usage_stats': 'True'}
[0m14:04:20.433337 [debug] [MainThread]: Starter project path: /home/coder/miniconda/lib/python3.12/site-packages/dbt/include/starter_project
[0m14:04:20.745407 [info ] [MainThread]: 
Your new dbt project "dbt_modeling" was created!

For more information on how to configure the profiles.yml file,
please consult the dbt documentation here:

  https://docs.getdbt.com/docs/configure-your-profile

One more thing:

Need help? Don't hesitate to reach out to us via GitHub issues or on Slack:

  https://community.getdbt.com/

Happy modeling!

[0m14:04:20.746233 [info ] [MainThread]: Setting up your profile.
[0m14:04:52.782231 [debug] [MainThread]: Redshift adapter: Setting redshift_connector to ERROR
[0m14:04:52.784028 [debug] [MainThread]: Redshift adapter: Setting redshift_connector.core to ERROR
[0m14:07:18.263044 [info ] [MainThread]: Profile dbt_modeling written to /home/coder/.dbt/profiles.yml using target's profile_template.yml and your supplied values. Run 'dbt debug' to validate the connection.
[0m14:07:18.265442 [debug] [MainThread]: Resource report: {"command_name": "init", "command_success": true, "command_wall_clock_time": 177.92117, "process_user_time": 1.488191, "process_kernel_time": 0.219442, "process_mem_max_rss": "93940", "process_in_blocks": "41334", "process_out_blocks": "120"}
[0m14:07:18.266085 [debug] [MainThread]: Command `dbt init` succeeded at 14:07:18.265970 after 177.92 seconds
[0m14:07:18.266508 [debug] [MainThread]: Sending event: {'category': 'dbt', 'action': 'invocation', 'label': 'end', 'context': [<snowplow_tracker.self_describing_json.SelfDescribingJson object at 0x7868c9ea0d70>, <snowplow_tracker.self_describing_json.SelfDescribingJson object at 0x7868c9b912e0>, <snowplow_tracker.self_describing_json.SelfDescribingJson object at 0x7868c949c860>]}
[0m14:07:18.270334 [debug] [MainThread]: Flushing usage events
